06-07 11:38:46.274 30810 30810 D MonitoringService: No target span. Foreground packages in window: [com.android.systemui, jp.co.sharp.android.launcher3, com.dooooraku.bonsailog]
06-07 11:38:46.278 30810 30810 D MonitoringService: DailyPenaltyCheck: isProCached=true demoMode=false firedHasPenalty=false targetActiveLongEnough=false sessionMs=0
06-07 11:38:46.313   904   904 I BufferQueueProducer: [StatusBar#90](this:0xb400007436530408,id:-1,api:0,p:-1,c:904) queueBuffer: fps=0.33 dur=3024.45 max=3024.45 min=3024.45
06-07 11:38:46.319   868   986 I hwcomposer: [HWCDisplay] [Display_0 (type:1)] fps:0.661349,dur:3024.12,max:2931.95,min:92.17  
06-07 11:38:46.379   868  1268 I hwcomposer: [HWC] (0)fire a callback of refresh to SF[4]  
06-07 11:38:46.411   904   904 I BufferQueueProducer: [FramebufferSurface](this:0xb4000073463c6d00,id:-1,api:1,p:904,c:904) queueBuffer: fps=0.52 dur=3823.96 max=3024.72 min=799.25
06-07 11:38:46.467   641  4459 E NxpTml  : PN54X - Error in I2C Read.....
06-07 11:38:46.710   881   947 I libPerfCtl: xgfGetFPS pid:2260 fps:-1
06-07 11:38:46.711   881   947 I libPerfCtl: xgfGetFPS pid:11846 fps:-1
06-07 11:38:46.831   904   904 I BufferQueueProducer: [com.dooooraku.bonsailog/com.dooooraku.bonsailog.MainActivity#303577](this:0xb4000074365665b8,id:-1,api:0,p:-1,c:904) queueBuffer: fps=7.81 dur=4996.27 max=4341.85 min=16.46
06-07 11:38:46.838  1114  1247 D ULogGuard: Monitoring: 16 threads, 0 requests, 0 time-bombs; 2 guards. ResetFlags = 0x7
06-07 11:38:46.851 11846 11885 E GPUAUX  : [AUX]GuiExtAuxCheckAuxPath:670: Null anb
06-07 11:38:47.230  1501  1682 E ApplicationHelper: Fail to get PackageManager
06-07 11:38:47.232   851   864 E statsd  : Could not find a broadcast receiver for (10185 987654323)
06-07 11:38:47.241  1501  1682 E ApplicationHelper: Fail to get PackageManager
06-07 11:38:47.322   868   986 I hwcomposer: [HWCDisplay] [Display_0 (type:1)] fps:30.910837,dur:1002.88,max:425.11,min:14.67  
06-07 11:38:47.535   868  1268 I hwcomposer: [HWC] (0)fire a callback of refresh to SF[4]  
06-07 11:38:47.567   904   904 I BufferQueueProducer: [FramebufferSurface](this:0xb4000073463c6d00,id:-1,api:1,p:904,c:904) queueBuffer: fps=0.86 dur=1156.33 max=1156.33 min=1156.33
06-07 11:38:47.711   881   947 I libPerfCtl: xgfGetFPS pid:2260 fps:-1
06-07 11:38:47.711   881   947 I libPerfCtl: xgfGetFPS pid:11846 fps:61
06-07 11:38:47.711   881   947 I libPowerHal: [updateFPS] pid(11846) : -1 => 60
06-07 11:38:47.712   881   958 I libPowerHal: [perfNotifyAppState] pack:com.dooooraku.bonsailog, act:com.dooooraku.bonsailog.MainActivity, state:5, pid:11846, uid:11407, fps:60
06-07 11:38:47.712   881   958 E UxUtility: notifyAppState error = NULL
06-07 11:38:47.712   881   958 I TouchUtility: notifyAppState error = NULL
06-07 11:38:48.619   641  4459 E NxpTml  : PN54X - Error in I2C Read.....
06-07 11:38:48.711   881   947 I libPerfCtl: xgfGetFPS pid:2260 fps:-1
06-07 11:38:48.711   881   947 I libPerfCtl: xgfGetFPS pid:11846 fps:-1
06-07 11:38:48.711   881   947 I libPowerHal: [updateFPS] pid(11846) : 60 => -1
06-07 11:38:48.712   881   958 I libPowerHal: [perfNotifyAppState] pack:com.dooooraku.bonsailog, act:com.dooooraku.bonsailog.MainActivity, state:5, pid:11846, uid:11407, fps:-1
06-07 11:38:48.712   881   958 E UxUtility: notifyAppState error = NULL
06-07 11:38:48.712   881   958 I TouchUtility: notifyAppState error = NULL
06-07 11:38:49.266 24357 24357 I WifiHAL : Get link layer stats
06-07 11:38:49.266 24357 24357 I WifiHAL : GetLinkStatsCommand::create
06-07 11:38:49.266 24357 24357 D android.hardware.wifi@1.0-service-lazy: WifiRequest::create vendor command to iface 33, vendor_id=0x1a11, subcmd=0x1200, res=0
06-07 11:38:49.267 24357 24357 I android.hardware.wifi@1.0-service-lazy: WifiCommand::requestResponse err=-14
06-07 11:38:49.267 24357 24357 I WifiHAL : wifi_get_link_stats: result=-1
06-07 11:38:49.268  1501  2143 E WifiStaIfaceHidlImpl: getLinkLayerStatsV1_5 failed with status: {.code = ERROR_UNKNOWN, .description = unknown}
06-07 11:38:49.283  2260  2260 D WifiSignalController: isWifi6: false,wifiVisible: true
06-07 11:38:49.283  2260  2260 D WifiSignalController: iconId: 17302925
06-07 11:38:49.284 30810 30810 D MonitoringService: sessionMs=0 effMin=0 active=false spans=0 app=対象アプリ stage=監視待機
06-07 11:38:49.284 30810 30810 D MonitoringService: No target span. Foreground packages in window: [com.android.systemui, jp.co.sharp.android.launcher3, com.dooooraku.bonsailog]
06-07 11:38:49.286  2260  2260 D StatusBarIconController: ignoring old pipeline callback because the new wifi icon is enabled
06-07 11:38:49.288 30810 30810 D MonitoringService: DailyPenaltyCheck: isProCached=true demoMode=false firedHasPenalty=false targetActiveLongEnough=false sessionMs=0
06-07 11:38:49.321   904   904 I BufferQueueProducer: [StatusBar#90](this:0xb400007436530408,id:-1,api:0,p:-1,c:904) queueBuffer: fps=0.33 dur=3008.06 max=3008.06 min=3008.06
06-07 11:38:49.327   868   986 I hwcomposer: [HWCDisplay] [Display_0 (type:1)] fps:5.485210,dur:2005.39,max:1759.17,min:16.10  
06-07 11:38:49.387   868  1268 I hwcomposer: [HWC] (0)fire a callback of refresh to SF[4]  
06-07 11:38:49.419   904   904 I BufferQueueProducer: [FramebufferSurface](this:0xb4000073463c6d00,id:-1,api:1,p:904,c:904) queueBuffer: fps=0.54 dur=1851.59 max=1851.59 min=1851.59
06-07 11:38:49.711   881   947 I libPerfCtl: xgfGetFPS pid:2260 fps:-1
06-07 11:38:49.711   881   947 I libPerfCtl: xgfGetFPS pid:11846 fps:-1
06-07 11:38:49.839  1114  1247 D ULogGuard: Monitoring: 16 threads, 0 requests, 0 time-bombs; 2 guards. ResetFlags = 0x7
06-07 11:38:50.455  7798  7846 I native  : I0000 00:00:1780799930.455658    7846 soda_async_impl.cc:1424] Current audio timestamp: 1780799930322681
06-07 11:38:50.712   881   947 I libPerfCtl: xgfGetFPS pid:2260 fps:-1
06-07 11:38:50.712   881   947 I libPerfCtl: xgfGetFPS pid:11846 fps:-1
06-07 11:38:50.771   641  4459 E NxpTml  : PN54X - Error in I2C Read.....
06-07 11:38:50.930 12160 12193 I bt_shim_scanner: handle_remote_properties: handle_remote_properties Update device_type=0x2 addr_type=0x1
06-07 11:38:50.936 17898 18064 I NearbyDiscovery: (REDACTED) BloomFilterAdvManager: Detected bloom filter but too far away, ignoring. %sm, %s
06-07 11:38:51.215  1123  1123 I thermal_repeater: [recvMdThermalInfo] ret=5, strLen=127, ERROR
06-07 11:38:51.249   873   940 W AString : ctor got NULL, using empty string instead
06-07 11:38:51.250   873   940 I SensorSavedChannel: [548,6124,1676]==>gyro_bias.json
06-07 11:38:51.712   881   947 I libPerfCtl: xgfGetFPS pid:2260 fps:-1
06-07 11:38:51.712   881   947 I libPerfCtl: xgfGetFPS pid:11846 fps:-1
06-07 11:38:51.845   904   904 I BufferQueueProducer: [com.dooooraku.bonsailog/com.dooooraku.bonsailog.MainActivity#303577](this:0xb4000074365665b8,id:-1,api:0,p:-1,c:904) queueBuffer: fps=7.78 dur=5013.26 max=4375.20 min=16.34
06-07 11:38:51.849 11846 11885 E GPUAUX  : [AUX]GuiExtAuxCheckAuxPath:670: Null anb
06-07 11:38:51.851   868   986 I hwcomposer: [HWCDisplay] [Display_0 (type:1)] fps:0.792441,dur:2523.85,max:2431.36,min:92.48  
06-07 11:38:52.284 24357 24357 I WifiHAL : Get link layer stats
06-07 11:38:52.285 24357 24357 I WifiHAL : GetLinkStatsCommand::create
06-07 11:38:52.285 24357 24357 D android.hardware.wifi@1.0-service-lazy: WifiRequest::create vendor command to iface 33, vendor_id=0x1a11, subcmd=0x1200, res=0
06-07 11:38:52.285 24357 24357 I android.hardware.wifi@1.0-service-lazy: WifiCommand::requestResponse err=-14
06-07 11:38:52.285 24357 24357 I WifiHAL : wifi_get_link_stats: result=-1
06-07 11:38:52.285  1501  2143 E WifiStaIfaceHidlImpl: getLinkLayerStatsV1_5 failed with status: {.code = ERROR_UNKNOWN, .description = unknown}
06-07 11:38:52.295 30810 30810 D MonitoringService: sessionMs=0 effMin=0 active=false spans=0 app=対象アプリ stage=監視待機
06-07 11:38:52.295 30810 30810 D MonitoringService: No target span. Foreground packages in window: [com.android.systemui, jp.co.sharp.android.launcher3, com.dooooraku.bonsailog]
06-07 11:38:52.300 30810 30810 D MonitoringService: DailyPenaltyCheck: isProCached=true demoMode=false firedHasPenalty=false targetActiveLongEnough=false sessionMs=0
06-07 11:38:52.307  2260  2260 D WifiSignalController: isWifi6: false,wifiVisible: true
06-07 11:38:52.309  2260  2260 D WifiSignalController: iconId: 17302925
06-07 11:38:52.313  2260  2260 D StatusBarIconController: ignoring old pipeline callback because the new wifi icon is enabled
06-07 11:38:52.332   904   904 I BufferQueueProducer: [StatusBar#90](this:0xb400007436530408,id:-1,api:0,p:-1,c:904) queueBuffer: fps=0.33 dur=3010.95 max=3010.95 min=3010.95
06-07 11:38:52.547   868  1268 I hwcomposer: [HWC] (0)fire a callback of refresh to SF[4]  
06-07 11:38:52.563   904   904 I BufferQueueProducer: [FramebufferSurface](this:0xb4000073463c6d00,id:-1,api:1,p:904,c:904) queueBuffer: fps=0.32 dur=3143.74 max=3143.74 min=3143.74
06-07 11:38:52.712   881   947 I libPerfCtl: xgfGetFPS pid:2260 fps:-1
06-07 11:38:52.712   881   947 I libPerfCtl: xgfGetFPS pid:11846 fps:61
06-07 11:38:52.712   881   947 I libPowerHal: [updateFPS] pid(11846) : -1 => 60
06-07 11:38:52.713   881   958 I libPowerHal: [perfNotifyAppState] pack:com.dooooraku.bonsailog, act:com.dooooraku.bonsailog.MainActivity, state:5, pid:11846, uid:11407, fps:60
06-07 11:38:52.714   881   958 E UxUtility: notifyAppState error = NULL
06-07 11:38:52.714   881   958 I TouchUtility: notifyAppState error = NULL
06-07 11:38:52.840  1114  1247 D ULogGuard: Monitoring: 16 threads, 0 requests, 0 time-bombs; 2 guards. ResetFlags = 0x7
06-07 11:38:52.923   641  4459 E NxpTml  : PN54X - Error in I2C Read.....
06-07 11:38:53.233 17898 13653 I CastDatabase: Saving the database
06-07 11:38:53.247 17898 13653 I SQLiteCastStore: [CastNetworkInfo] saved: 0, skipped: 0, [CastDeviceInfo]: saved 0, skipped 0, [ProbedNetworks]: saved 0, skipped: 0, [ProbedSocketAddress]: saved 0, skipped: 0, [Network-Device pairs]: saved: 0
06-07 11:38:53.712   881   947 I libPerfCtl: xgfGetFPS pid:2260 fps:-1
06-07 11:38:53.712   881   947 I libPerfCtl: xgfGetFPS pid:11846 fps:-1
06-07 11:38:53.713   881   947 I libPowerHal: [updateFPS] pid(11846) : 60 => -1
06-07 11:38:53.714   881   958 I libPowerHal: [perfNotifyAppState] pack:com.dooooraku.bonsailog, act:com.dooooraku.bonsailog.MainActivity, state:5, pid:11846, uid:11407, fps:-1
06-07 11:38:53.714   881   958 E UxUtility: notifyAppState error = NULL
06-07 11:38:53.714   881   958 I TouchUtility: notifyAppState error = NULL
06-07 11:38:54.714   881   947 I libPerfCtl: xgfGetFPS pid:2260 fps:-1
06-07 11:38:54.714   881   947 I libPerfCtl: xgfGetFPS pid:11846 fps:-1
06-07 11:38:55.075   641  4459 E NxpTml  : PN54X - Error in I2C Read.....
06-07 11:38:55.297 24357 24357 I WifiHAL : Get link layer stats
06-07 11:38:55.297 24357 24357 I WifiHAL : GetLinkStatsCommand::create
06-07 11:38:55.297 24357 24357 D android.hardware.wifi@1.0-service-lazy: WifiRequest::create vendor command to iface 33, vendor_id=0x1a11, subcmd=0x1200, res=0
06-07 11:38:55.298 24357 24357 I android.hardware.wifi@1.0-service-lazy: WifiCommand::requestResponse err=-14
06-07 11:38:55.298 24357 24357 I WifiHAL : wifi_get_link_stats: result=-1
06-07 11:38:55.299  1501  2143 E WifiStaIfaceHidlImpl: getLinkLayerStatsV1_5 failed with status: {.code = ERROR_UNKNOWN, .description = unknown}
06-07 11:38:55.308 30810 30810 D MonitoringService: sessionMs=0 effMin=0 active=false spans=0 app=対象アプリ stage=監視待機
06-07 11:38:55.309 30810 30810 D MonitoringService: No target span. Foreground packages in window: [com.android.systemui, jp.co.sharp.android.launcher3, com.dooooraku.bonsailog]
06-07 11:38:55.314 30810 30810 D MonitoringService: DailyPenaltyCheck: isProCached=true demoMode=false firedHasPenalty=false targetActiveLongEnough=false sessionMs=0
06-07 11:38:55.316  2260  2260 D WifiSignalController: isWifi6: false,wifiVisible: true
06-07 11:38:55.316  2260  2260 D WifiSignalController: iconId: 17302925
06-07 11:38:55.318  2260  2260 D StatusBarIconController: ignoring old pipeline callback because the new wifi icon is enabled
06-07 11:38:55.354   904   904 I BufferQueueProducer: [StatusBar#90](this:0xb400007436530408,id:-1,api:0,p:-1,c:904) queueBuffer: fps=0.33 dur=3021.51 max=3021.51 min=3021.51
06-07 11:38:55.360   868   986 I hwcomposer: [HWCDisplay] [Display_0 (type:1)] fps:11.114226,dur:3509.02,max:2796.67,min:15.68  
06-07 11:38:55.423   868  1268 I hwcomposer: [HWC] (0)fire a callback of refresh to SF[4]  
06-07 11:38:55.451   904   904 I BufferQueueProducer: [FramebufferSurface](this:0xb4000073463c6d00,id:-1,api:1,p:904,c:904) queueBuffer: fps=0.35 dur=2888.72 max=2888.72 min=2888.72
06-07 11:38:55.714   881   947 I libPerfCtl: xgfGetFPS pid:11846 fps:-1
06-07 11:38:55.841  1114  1247 D ULogGuard: Monitoring: 16 threads, 0 requests, 0 time-bombs; 2 guards. ResetFlags = 0x7
06-07 11:38:56.125  1501  1688 D AES     : AEEIOCTL_GET/SET_SF_STATE IOCTL,cmd= 1074294797, lParam=0. 
06-07 11:38:56.125  1501  1688 D AES     : AEEIOCTL_RT_MON_Kick IOCTL,cmd= 2147774474, lParam=300. 
06-07 11:38:56.459   860   860 D [BT]    : mtk_bt_op: BT_VND_OP_LPM_WAKE_SET_STATE
06-07 11:38:56.469 12160 12187 I bluetooth: ack_pause: Client already in paused state
06-07 11:38:56.494   860   860 D mtk.hal.bt@1.1-impl: BtHostDebugInfo
06-07 11:38:56.494   860   860 D [BT]    : mtk_bt_op: BT_VND_OP_SET_BTHOST
06-07 11:38:56.501 12160 12187 I bluetooth: OnCommandComplete: Received command complete with op_code LE_SET_RANDOM_ADDRESS
06-07 11:38:56.507 12160 12187 I bluetooth: OnCommandComplete: update random address : xx:xx:xx:xx:bb:ca
06-07 11:38:56.507 12160 12187 I bluetooth: resume_registered_clients: Resuming registered clients
06-07 11:38:56.511   860   860 D mtk.hal.bt@1.1-impl: BtHostDebugInfo
06-07 11:38:56.511   860   860 D [BT]    : mtk_bt_op: BT_VND_OP_SET_BTHOST
06-07 11:38:56.715   881   947 I libPerfCtl: xgfGetFPS pid:11846 fps:-1
06-07 11:38:56.841   904   904 I BufferQueueProducer: [com.dooooraku.bonsailog/com.dooooraku.bonsailog.MainActivity#303577](this:0xb4000074365665b8,id:-1,api:0,p:-1,c:904) queueBuffer: fps=7.61 dur=4996.34 max=4358.71 min=16.07
06-07 11:38:56.845 11846 11885 E GPUAUX  : [AUX]GuiExtAuxCheckAuxPath:670: Null anb
06-07 11:38:56.848   868   986 I hwcomposer: [HWCDisplay] [Display_0 (type:1)] fps:1.344712,dur:1487.31,max:1395.34,min:91.97  
06-07 11:38:57.223   909   928 D ccci_mdinit: (1):monitor_time_update_thread round:229047 ########
06-07 11:38:57.227   641  4459 E NxpTml  : PN54X - Error in I2C Read.....
06-07 11:38:57.527   868  1268 I hwcomposer: [HWC] (0)fire a callback of refresh to SF[4]  
06-07 11:38:57.544   904   904 I BufferQueueProducer: [FramebufferSurface](this:0xb4000073463c6d00,id:-1,api:1,p:904,c:904) queueBuffer: fps=0.48 dur=2092.44 max=2092.44 min=2092.44
06-07 11:38:57.715   881   947 I libPerfCtl: xgfGetFPS pid:11846 fps:59
06-07 11:38:57.715   881   947 I libPowerHal: [updateFPS] pid(11846) : -1 => 60
06-07 11:38:57.716   881   958 I libPowerHal: [perfNotifyAppState] pack:com.dooooraku.bonsailog, act:com.dooooraku.bonsailog.MainActivity, state:5, pid:11846, uid:11407, fps:60
06-07 11:38:57.717   881   958 E UxUtility: notifyAppState error = NULL
06-07 11:38:57.717   881   958 I TouchUtility: notifyAppState error = NULL
06-07 11:38:58.027 12160 12193 I bt_shim_scanner: handle_remote_properties: handle_remote_properties Update device_type=0x2 addr_type=0x1
06-07 11:38:58.032 17898 18064 I NearbyDiscovery: (REDACTED) BloomFilterAdvManager: Detected bloom filter but too far away, ignoring. %sm, %s
06-07 11:38:58.317 24357 24357 I WifiHAL : Get link layer stats
06-07 11:38:58.317 24357 24357 I WifiHAL : GetLinkStatsCommand::create
06-07 11:38:58.317 24357 24357 D android.hardware.wifi@1.0-service-lazy: WifiRequest::create vendor command to iface 33, vendor_id=0x1a11, subcmd=0x1200, res=0
06-07 11:38:58.318 24357 24357 I android.hardware.wifi@1.0-service-lazy: WifiCommand::requestResponse err=-14
06-07 11:38:58.318 24357 24357 I WifiHAL : wifi_get_link_stats: result=-1
06-07 11:38:58.318  1501  2143 E WifiStaIfaceHidlImpl: getLinkLayerStatsV1_5 failed with status: {.code = ERROR_UNKNOWN, .description = unknown}
06-07 11:38:58.322 30810 30810 D MonitoringService: sessionMs=0 effMin=0 active=false spans=0 app=対象アプリ stage=監視待機
06-07 11:38:58.323 30810 30810 D MonitoringService: No target span. Foreground packages in window: [com.android.systemui, jp.co.sharp.android.launcher3, com.dooooraku.bonsailog]
06-07 11:38:58.327 30810 30810 D MonitoringService: DailyPenaltyCheck: isProCached=true demoMode=false firedHasPenalty=false targetActiveLongEnough=false sessionMs=0
06-07 11:38:58.335  2260  2260 D WifiSignalController: isWifi6: false,wifiVisible: true
06-07 11:38:58.336  2260  2260 D WifiSignalController: iconId: 17302925
06-07 11:38:58.337  2260  2260 D StatusBarIconController: ignoring old pipeline callback because the new wifi icon is enabled
06-07 11:38:58.379   904   904 I BufferQueueProducer: [StatusBar#90](this:0xb400007436530408,id:-1,api:0,p:-1,c:904) queueBuffer: fps=0.33 dur=3024.69 max=3024.69 min=3024.69
06-07 11:38:58.385   868   986 I hwcomposer: [HWCDisplay] [Display_0 (type:1)] fps:24.719015,dur:1537.28,max:839.95,min:15.98  
06-07 11:38:58.447   868  1268 I hwcomposer: [HWC] (0)fire a callback of refresh to SF[4]  
06-07 11:38:58.614  7798  7856 W ProxyAndroidLoggerBackend: Too many Flogger logs received before configuration. Dropping old logs.
06-07 11:38:58.716   881   947 I libPerfCtl: xgfGetFPS pid:2260 fps:-1
06-07 11:38:58.716   881   947 I libPerfCtl: xgfGetFPS pid:11846 fps:-1
06-07 11:38:58.716   881   947 I libPowerHal: [updateFPS] pid(11846) : 60 => -1
06-07 11:38:58.717   881   958 I libPowerHal: [perfNotifyAppState] pack:com.dooooraku.bonsailog, act:com.dooooraku.bonsailog.MainActivity, state:5, pid:11846, uid:11407, fps:-1
06-07 11:38:58.717   881   958 E UxUtility: notifyAppState error = NULL
06-07 11:38:58.717   881   958 I TouchUtility: notifyAppState error = NULL
06-07 11:38:58.771   873   940 W AString : ctor got NULL, using empty string instead
06-07 11:38:58.771   873   940 I SensorSavedChannel: [610,6110,1712]==>gyro_bias.json
06-07 11:38:58.843  1114  1247 D ULogGuard: Monitoring: 16 threads, 0 requests, 0 time-bombs; 2 guards. ResetFlags = 0x7
06-07 11:38:59.379   641  4459 E NxpTml  : PN54X - Error in I2C Read.....
06-07 11:38:59.716   881   947 I libPerfCtl: xgfGetFPS pid:2260 fps:-1
06-07 11:38:59.716   881   947 I libPerfCtl: xgfGetFPS pid:11846 fps:-1
06-07 11:39:00.066   904   904 I BufferQueueProducer: [StatusBar#90](this:0xb400007436530408,id:-1,api:0,p:-1,c:904) queueBuffer: fps=0.59 dur=1687.51 max=1687.51 min=1687.51
06-07 11:39:00.072   868   986 I hwcomposer: [HWCDisplay] [Display_0 (type:1)] fps:1.185462,dur:1687.11,max:1594.69,min:92.42  
06-07 11:39:00.135   868  1268 I hwcomposer: [HWC] (0)fire a callback of refresh to SF[4]  
06-07 11:39:00.164   904   904 I BufferQueueProducer: [FramebufferSurface](this:0xb4000073463c6d00,id:-1,api:1,p:904,c:904) queueBuffer: fps=0.76 dur=2620.11 max=1687.30 min=932.80
06-07 11:39:00.506  1501  1682 E ApplicationHelper: Fail to get PackageManager
06-07 11:39:00.716   881   947 I libPerfCtl: xgfGetFPS pid:2260 fps:-1
06-07 11:39:00.716   881   947 I libPerfCtl: xgfGetFPS pid:11846 fps:-1
06-07 11:39:00.821 12160 12193 I bt_shim_scanner: handle_remote_properties: handle_remote_properties Update device_type=0x2 addr_type=0x1
06-07 11:39:00.826 17898 18064 I NearbyDiscovery: (REDACTED) BloomFilterAdvManager: Detected bloom filter but too far away, ignoring. %sm, %s
06-07 11:39:01.225  1123  1123 I thermal_repeater: [recvMdThermalInfo] ret=5, strLen=127, ERROR
06-07 11:39:01.335 30810 30810 D MonitoringService: sessionMs=0 effMin=0 active=false spans=0 app=対象アプリ stage=監視待機
06-07 11:39:01.336 30810 30810 D MonitoringService: No target span. Foreground packages in window: [com.android.systemui, jp.co.sharp.android.launcher3, com.dooooraku.bonsailog]
06-07 11:39:01.337 24357 24357 I WifiHAL : Get link layer stats
06-07 11:39:01.337 24357 24357 I WifiHAL : GetLinkStatsCommand::create
06-07 11:39:01.337 24357 24357 D android.hardware.wifi@1.0-service-lazy: WifiRequest::create vendor command to iface 33, vendor_id=0x1a11, subcmd=0x1200, res=0
06-07 11:39:01.337 24357 24357 I android.hardware.wifi@1.0-service-lazy: WifiCommand::requestResponse err=-14
06-07 11:39:01.337 24357 24357 I WifiHAL : wifi_get_link_stats: result=-1
06-07 11:39:01.338  1501  2143 E WifiStaIfaceHidlImpl: getLinkLayerStatsV1_5 failed with status: {.code = ERROR_UNKNOWN, .description = unknown}
06-07 11:39:01.340 30810 30810 D MonitoringService: DailyPenaltyCheck: isProCached=true demoMode=false firedHasPenalty=false targetActiveLongEnough=false sessionMs=0
06-07 11:39:01.358  2260  2260 D WifiSignalController: isWifi6: false,wifiVisible: true
06-07 11:39:01.358  2260  2260 D WifiSignalController: iconId: 17302925
06-07 11:39:01.360  2260  2260 D StatusBarIconController: ignoring old pipeline callback because the new wifi icon is enabled
06-07 11:39:01.403   904   904 I BufferQueueProducer: [StatusBar#90](this:0xb400007436530408,id:-1,api:0,p:-1,c:904) queueBuffer: fps=0.75 dur=1337.05 max=1337.05 min=1337.05
06-07 11:39:01.409   868   986 I hwcomposer: [HWCDisplay] [Display_0 (type:1)] fps:1.495864,dur:1337.02,max:1244.14,min:92.88  
06-07 11:39:01.471   868  1268 I hwcomposer: [HWC] (0)fire a callback of refresh to SF[4]  
06-07 11:39:01.501   904   904 I BufferQueueProducer: [FramebufferSurface](this:0xb4000073463c6d00,id:-1,api:1,p:904,c:904) queueBuffer: fps=0.75 dur=1336.93 max=1336.93 min=1336.93
06-07 11:39:01.531   641  4459 E NxpTml  : PN54X - Error in I2C Read.....
06-07 11:39:01.717   881   947 I libPerfCtl: xgfGetFPS pid:2260 fps:-1
06-07 11:39:01.717   881   947 I libPerfCtl: xgfGetFPS pid:11846 fps:-1
06-07 11:39:01.837   904   904 I BufferQueueProducer: [com.dooooraku.bonsailog/com.dooooraku.bonsailog.MainActivity#303577](this:0xb4000074365665b8,id:-1,api:0,p:-1,c:904) queueBuffer: fps=7.41 dur=4996.41 max=4375.23 min=16.35
06-07 11:39:01.841 11846 11885 E GPUAUX  : [AUX]GuiExtAuxCheckAuxPath:670: Null anb
06-07 11:39:01.846  1114  1247 D ULogGuard: Monitoring: 16 threads, 0 requests, 0 time-bombs; 2 guards. ResetFlags = 0x7
06-07 11:39:02.412   868   986 I hwcomposer: [HWCDisplay] [Display_0 (type:1)] fps:34.905746,dur:1002.70,max:341.72,min:16.02  
06-07 11:39:02.539   868  1268 I hwcomposer: [HWC] (0)fire a callback of refresh to SF[4]  
06-07 11:39:02.557   904   904 I BufferQueueProducer: [FramebufferSurface](this:0xb4000073463c6d00,id:-1,api:1,p:904,c:904) queueBuffer: fps=0.95 dur=1055.90 max=1055.90 min=1055.90
06-07 11:39:02.717   881   947 I libPerfCtl: xgfGetFPS pid:2260 fps:-1
06-07 11:39:02.717   881   947 I libPerfCtl: xgfGetFPS pid:11846 fps:61
06-07 11:39:02.717   881   947 I libPowerHal: [updateFPS] pid(11846) : -1 => 60
06-07 11:39:02.718   881   958 I libPowerHal: [perfNotifyAppState] pack:com.dooooraku.bonsailog, act:com.dooooraku.bonsailog.MainActivity, state:5, pid:11846, uid:11407, fps:60
06-07 11:39:02.722   881   958 E UxUtility: notifyAppState error = NULL
06-07 11:39:02.722   881   958 I TouchUtility: notifyAppState error = NULL
