06-07 11:38:28.613  7798  7856 W ProxyAndroidLoggerBackend: Too many Flogger logs received before configuration. Dropping old logs.
06-07 11:38:28.701   881   947 I libPerfCtl: xgfGetFPS pid:2260 fps:-1
06-07 11:38:28.702   881   947 I libPerfCtl: xgfGetFPS pid:11846 fps:-1
06-07 11:38:28.702   881   947 I libPowerHal: [updateFPS] pid(11846) : 60 => -1
06-07 11:38:28.703   881   958 I libPowerHal: [perfNotifyAppState] pack:com.dooooraku.bonsailog, act:com.dooooraku.bonsailog.MainActivity, state:5, pid:11846, uid:11407, fps:-1
06-07 11:38:28.703   881   958 E UxUtility: notifyAppState error = NULL
06-07 11:38:28.703   881   958 I TouchUtility: notifyAppState error = NULL
06-07 11:38:28.750   873   940 W AString : ctor got NULL, using empty string instead
06-07 11:38:28.750   873   940 I SensorSavedChannel: [676,5965,1874]==>gyro_bias.json
06-07 11:38:28.828  1114  1247 D ULogGuard: Monitoring: 16 threads, 0 requests, 0 time-bombs; 2 guards. ResetFlags = 0x7
06-07 11:38:29.248   641  4459 E NxpTml  : PN54X - Error in I2C Read.....
06-07 11:38:29.702   881   947 I libPerfCtl: xgfGetFPS pid:2260 fps:-1
06-07 11:38:29.702   881   947 I libPerfCtl: xgfGetFPS pid:11846 fps:-1
06-07 11:38:30.703   881   947 I libPerfCtl: xgfGetFPS pid:2260 fps:-1
06-07 11:38:30.704   881   947 I libPerfCtl: xgfGetFPS pid:11846 fps:-1
06-07 11:38:31.161 24357 24357 I WifiHAL : Get link layer stats
06-07 11:38:31.162 24357 24357 I WifiHAL : GetLinkStatsCommand::create
06-07 11:38:31.162 24357 24357 D android.hardware.wifi@1.0-service-lazy: WifiRequest::create vendor command to iface 33, vendor_id=0x1a11, subcmd=0x1200, res=0
06-07 11:38:31.162 24357 24357 I android.hardware.wifi@1.0-service-lazy: WifiCommand::requestResponse err=-14
06-07 11:38:31.162 24357 24357 I WifiHAL : wifi_get_link_stats: result=-1
06-07 11:38:31.163  1501  2143 E WifiStaIfaceHidlImpl: getLinkLayerStatsV1_5 failed with status: {.code = ERROR_UNKNOWN, .description = unknown}
06-07 11:38:31.181  2260  2260 D WifiSignalController: isWifi6: false,wifiVisible: true
06-07 11:38:31.181  2260  2260 D WifiSignalController: iconId: 17302925
06-07 11:38:31.184  2260  2260 D StatusBarIconController: ignoring old pipeline callback because the new wifi icon is enabled
06-07 11:38:31.198  1123  1123 I thermal_repeater: [recvMdThermalInfo] ret=5, strLen=127, ERROR
06-07 11:38:31.215 30810 30810 D MonitoringService: sessionMs=0 effMin=0 active=false spans=0 app=対象アプリ stage=監視待機
06-07 11:38:31.215 30810 30810 D MonitoringService: No target span. Foreground packages in window: [com.android.systemui, jp.co.sharp.android.launcher3, com.dooooraku.bonsailog]
06-07 11:38:31.220 30810 30810 D MonitoringService: DailyPenaltyCheck: isProCached=true demoMode=false firedHasPenalty=false targetActiveLongEnough=false sessionMs=0
06-07 11:38:31.224   904   904 I BufferQueueProducer: [StatusBar#90](this:0xb400007436530408,id:-1,api:0,p:-1,c:904) queueBuffer: fps=0.17 dur=6032.59 max=6032.59 min=6032.59
06-07 11:38:31.230   868   986 I hwcomposer: [HWCDisplay] [Display_0 (type:1)] fps:8.908675,dur:4377.76,max:3647.92,min:15.00  
06-07 11:38:31.288   868  1268 I hwcomposer: [HWC] (0)fire a callback of refresh to SF[4]  
06-07 11:38:31.305   904   904 I BufferQueueProducer: [FramebufferSurface](this:0xb4000073463c6d00,id:-1,api:1,p:904,c:904) queueBuffer: fps=0.27 dur=3724.66 max=3724.66 min=3724.66
06-07 11:38:31.310 12160 12193 I bt_shim_scanner: handle_remote_properties: handle_remote_properties Update device_type=0x2 addr_type=0x1
06-07 11:38:31.316 17898 18064 I NearbyDiscovery: (REDACTED) BloomFilterAdvManager: Detected bloom filter but too far away, ignoring. %sm, %s
06-07 11:38:31.316 17898 13653 I NearbyDiscovery: (REDACTED) loadFastPairModule: checkFeaturesAreAvailable:%d
06-07 11:38:31.317 17898 13653 I NearbyDiscovery: loadFastPairModule: FastPair module is downloaded. [CONTEXT service_id=265 ]
06-07 11:38:31.401   641  4459 E NxpTml  : PN54X - Error in I2C Read.....
06-07 11:38:31.704   881   947 I libPerfCtl: xgfGetFPS pid:11846 fps:-1
06-07 11:38:31.829  1114  1247 D ULogGuard: Monitoring: 16 threads, 0 requests, 0 time-bombs; 2 guards. ResetFlags = 0x7
06-07 11:38:31.842   904   904 I BufferQueueProducer: [com.dooooraku.bonsailog/com.dooooraku.bonsailog.MainActivity#303577](this:0xb4000074365665b8,id:-1,api:0,p:-1,c:904) queueBuffer: fps=7.61 dur=4996.58 max=4358.45 min=16.25
06-07 11:38:31.848 11846 11885 E GPUAUX  : [AUX]GuiExtAuxCheckAuxPath:670: Null anb
06-07 11:38:32.233   868   986 I hwcomposer: [HWCDisplay] [Display_0 (type:1)] fps:23.927729,dur:1003.02,max:541.38,min:15.66  
06-07 11:38:32.547   868  1268 I hwcomposer: [HWC] (0)fire a callback of refresh to SF[4]  
06-07 11:38:32.578   904   904 I BufferQueueProducer: [FramebufferSurface](this:0xb4000073463c6d00,id:-1,api:1,p:904,c:904) queueBuffer: fps=0.79 dur=1273.06 max=1273.06 min=1273.06
06-07 11:38:32.704   881   947 I libPerfCtl: xgfGetFPS pid:11846 fps:61
06-07 11:38:32.704   881   947 I libPowerHal: [updateFPS] pid(11846) : -1 => 60
06-07 11:38:32.705   881   958 I libPowerHal: [perfNotifyAppState] pack:com.dooooraku.bonsailog, act:com.dooooraku.bonsailog.MainActivity, state:5, pid:11846, uid:11407, fps:60
06-07 11:38:32.706   881   958 E UxUtility: notifyAppState error = NULL
06-07 11:38:32.706   881   958 I TouchUtility: notifyAppState error = NULL
06-07 11:38:33.307  2431 19573 D IpClient/wlan0: addressUpdated: 2408:211:24c6:7d00:ac06:eeff:fe83:861d/64 on ifindex 33 flags 0x00000100 scope 0
06-07 11:38:33.310  2431 19573 D IpClient/wlan0: addressUpdated: 2408:211:24c6:7d00:b9a4:cd86:9e7a:c666/64 on ifindex 33 flags 0x00000001 scope 0
06-07 11:38:33.312  2431 19573 D IpClient/wlan0: addressUpdated: 2408:211:24c6:7d00:4d6e:3689:f88e:af2a/64 on ifindex 33 flags 0x00000021 scope 0
06-07 11:38:33.314  2431 19573 W AlarmManager: Unrecognized alarm listener com.android.networkstack.android.net.ip.IpClientLinkObserver$Dhcp6PdPreferredPrefixAlarmListener@bf2106b
06-07 11:38:33.319   852  1342 W Netd    : No subsystem found in netlink event
06-07 11:38:33.553   641  4459 E NxpTml  : PN54X - Error in I2C Read.....
06-07 11:38:33.704   881   947 I libPerfCtl: xgfGetFPS pid:11846 fps:-1
06-07 11:38:33.705   881   947 I libPowerHal: [updateFPS] pid(11846) : 60 => -1
06-07 11:38:33.706   881   958 I libPowerHal: [perfNotifyAppState] pack:com.dooooraku.bonsailog, act:com.dooooraku.bonsailog.MainActivity, state:5, pid:11846, uid:11407, fps:-1
06-07 11:38:33.706   881   958 E UxUtility: notifyAppState error = NULL
06-07 11:38:33.706   881   958 I TouchUtility: notifyAppState error = NULL
06-07 11:38:34.111 12160 12193 I bt_shim_scanner: handle_remote_properties: handle_remote_properties Update device_type=0x2 addr_type=0x1
06-07 11:38:34.116 17898 18064 I NearbyDiscovery: (REDACTED) BloomFilterAdvManager: Detected bloom filter but too far away, ignoring. %sm, %s
06-07 11:38:34.181 24357 24357 I WifiHAL : Get link layer stats
06-07 11:38:34.181 24357 24357 I WifiHAL : GetLinkStatsCommand::create
06-07 11:38:34.181 24357 24357 D android.hardware.wifi@1.0-service-lazy: WifiRequest::create vendor command to iface 33, vendor_id=0x1a11, subcmd=0x1200, res=0
06-07 11:38:34.182 24357 24357 I android.hardware.wifi@1.0-service-lazy: WifiCommand::requestResponse err=-14
06-07 11:38:34.182 24357 24357 I WifiHAL : wifi_get_link_stats: result=-1
06-07 11:38:34.183  1501  2143 E WifiStaIfaceHidlImpl: getLinkLayerStatsV1_5 failed with status: {.code = ERROR_UNKNOWN, .description = unknown}
06-07 11:38:34.197  2260  2260 D WifiSignalController: isWifi6: false,wifiVisible: true
06-07 11:38:34.197  2260  2260 D WifiSignalController: iconId: 17302925
06-07 11:38:34.199  2260  2260 D StatusBarIconController: ignoring old pipeline callback because the new wifi icon is enabled
06-07 11:38:34.227 30810 30810 D MonitoringService: sessionMs=0 effMin=0 active=false spans=0 app=対象アプリ stage=監視待機
06-07 11:38:34.228 30810 30810 D MonitoringService: No target span. Foreground packages in window: [com.android.systemui, jp.co.sharp.android.launcher3, com.dooooraku.bonsailog]
06-07 11:38:34.233 30810 30810 D MonitoringService: DailyPenaltyCheck: isProCached=true demoMode=false firedHasPenalty=false targetActiveLongEnough=false sessionMs=0
06-07 11:38:34.249   904   904 I BufferQueueProducer: [StatusBar#90](this:0xb400007436530408,id:-1,api:0,p:-1,c:904) queueBuffer: fps=0.33 dur=3024.63 max=3024.63 min=3024.63
06-07 11:38:34.255   868   986 I hwcomposer: [HWCDisplay] [Display_0 (type:1)] fps:8.407341,dur:2022.04,max:1675.17,min:16.08  
06-07 11:38:34.315   868  1268 I hwcomposer: [HWC] (0)fire a callback of refresh to SF[4]  
06-07 11:38:34.347   904   904 I BufferQueueProducer: [FramebufferSurface](this:0xb4000073463c6d00,id:-1,api:1,p:904,c:904) queueBuffer: fps=0.57 dur=1768.05 max=1768.05 min=1768.05
06-07 11:38:34.705   881   947 I libPerfCtl: xgfGetFPS pid:2260 fps:-1
06-07 11:38:34.705   881   947 I libPerfCtl: xgfGetFPS pid:11846 fps:-1
06-07 11:38:34.831  1114  1247 D ULogGuard: Monitoring: 16 threads, 0 requests, 0 time-bombs; 2 guards. ResetFlags = 0x7
06-07 11:38:35.010 25384 25384 D BoundBrokerSvc: onUnbind: Intent { act=com.google.android.gms.ads.service.CACHE pkg=com.google.android.gms }
06-07 11:38:35.012  1501  1682 E ApplicationHelper: Fail to get PackageManager
06-07 11:38:35.012  1501  1682 E ApplicationHelper: Fail to get PackageManager
06-07 11:38:35.705   881   947 I libPerfCtl: xgfGetFPS pid:2260 fps:-1
06-07 11:38:35.705   881   947 I libPerfCtl: xgfGetFPS pid:11846 fps:-1
06-07 11:38:35.706   641  4459 E NxpTml  : PN54X - Error in I2C Read.....
06-07 11:38:35.895 11846 11852 I oraku.bonsailog: Background young concurrent copying GC freed 13MB AllocSpace bytes, 57(8408KB) LOS objects, 42% free, 28MB/50MB, paused 454us,79us total 100.030ms
06-07 11:38:35.917   904   970 D SurfaceFlinger: [SF client] REMOVE (0xb400007416c59030) for (11846:com.dooooraku.bonsailog)
06-07 11:38:35.917   904   969 D SurfaceFlinger: [SF client] REMOVE (0xb400007416c33da0) for (11846:com.dooooraku.bonsailog)
06-07 11:38:36.249   873   940 W AString : ctor got NULL, using empty string instead
06-07 11:38:36.250   873   940 I SensorSavedChannel: [624,6053,1764]==>gyro_bias.json
06-07 11:38:36.706   881   947 I libPerfCtl: xgfGetFPS pid:2260 fps:-1
06-07 11:38:36.706   881   947 I libPerfCtl: xgfGetFPS pid:11846 fps:-1
06-07 11:38:36.839   904   904 I BufferQueueProducer: [com.dooooraku.bonsailog/com.dooooraku.bonsailog.MainActivity#303577](this:0xb4000074365665b8,id:-1,api:0,p:-1,c:904) queueBuffer: fps=7.61 dur=4996.66 max=4358.77 min=16.20
06-07 11:38:36.840 11846 11885 E GPUAUX  : [AUX]GuiExtAuxCheckAuxPath:670: Null anb
06-07 11:38:36.845   868   986 I hwcomposer: [HWCDisplay] [Display_0 (type:1)] fps:0.772138,dur:2590.21,max:2497.33,min:92.88  
06-07 11:38:36.891 12160 12193 I bt_shim_scanner: handle_remote_properties: handle_remote_properties Update device_type=0x2 addr_type=0x1
06-07 11:38:36.926 12160 12193 I bt_shim_scanner: handle_remote_properties: handle_remote_properties Update device_type=0x2 addr_type=0x1
06-07 11:38:36.935 17898 18064 I NearbyDiscovery: (REDACTED) BloomFilterAdvManager: Detected bloom filter but too far away, ignoring. %sm, %s
06-07 11:38:37.198 24357 24357 I WifiHAL : Get link layer stats
06-07 11:38:37.198 24357 24357 I WifiHAL : GetLinkStatsCommand::create
06-07 11:38:37.198 24357 24357 D android.hardware.wifi@1.0-service-lazy: WifiRequest::create vendor command to iface 33, vendor_id=0x1a11, subcmd=0x1200, res=0
06-07 11:38:37.199 24357 24357 I android.hardware.wifi@1.0-service-lazy: WifiCommand::requestResponse err=-14
06-07 11:38:37.199 24357 24357 I WifiHAL : wifi_get_link_stats: result=-1
06-07 11:38:37.200  1501  2143 E WifiStaIfaceHidlImpl: getLinkLayerStatsV1_5 failed with status: {.code = ERROR_UNKNOWN, .description = unknown}
06-07 11:38:37.217  2260  2260 D WifiSignalController: isWifi6: false,wifiVisible: true
06-07 11:38:37.217  2260  2260 D WifiSignalController: iconId: 17302925
06-07 11:38:37.218  2260  2260 D StatusBarIconController: ignoring old pipeline callback because the new wifi icon is enabled
06-07 11:38:37.237 30810 30810 D MonitoringService: sessionMs=0 effMin=0 active=false spans=0 app=対象アプリ stage=監視待機
06-07 11:38:37.237 30810 30810 D MonitoringService: No target span. Foreground packages in window: [com.android.systemui, jp.co.sharp.android.launcher3, com.dooooraku.bonsailog]
06-07 11:38:37.243   904   904 I BufferQueueProducer: [StatusBar#90](this:0xb400007436530408,id:-1,api:0,p:-1,c:904) queueBuffer: fps=0.33 dur=2994.07 max=2994.07 min=2994.07
06-07 11:38:37.244 30810 30810 D MonitoringService: DailyPenaltyCheck: isProCached=true demoMode=false firedHasPenalty=false targetActiveLongEnough=false sessionMs=0
06-07 11:38:37.539   868  1268 I hwcomposer: [HWC] (0)fire a callback of refresh to SF[4]  
06-07 11:38:37.558   904   904 I BufferQueueProducer: [FramebufferSurface](this:0xb4000073463c6d00,id:-1,api:1,p:904,c:904) queueBuffer: fps=0.31 dur=3211.17 max=3211.17 min=3211.17
06-07 11:38:37.640   881   901 D power@timer: [mtkPowerTimer] visRead:0
06-07 11:38:37.706   881   947 I libPerfCtl: xgfGetFPS pid:2260 fps:-1
06-07 11:38:37.706   881   947 I libPerfCtl: xgfGetFPS pid:11846 fps:61
06-07 11:38:37.706   881   947 I libPowerHal: [updateFPS] pid(11846) : -1 => 60
06-07 11:38:37.708   881   958 I libPowerHal: [perfNotifyAppState] pack:com.dooooraku.bonsailog, act:com.dooooraku.bonsailog.MainActivity, state:5, pid:11846, uid:11407, fps:60
06-07 11:38:37.708   881   958 E UxUtility: notifyAppState error = NULL
06-07 11:38:37.708   881   958 I TouchUtility: notifyAppState error = NULL
06-07 11:38:37.832  1114  1247 D ULogGuard: Monitoring: 16 threads, 0 requests, 0 time-bombs; 2 guards. ResetFlags = 0x7
06-07 11:38:37.859   641  4459 E NxpTml  : PN54X - Error in I2C Read.....
06-07 11:38:38.131  1143  1193 V directcharged: ControllerService::onHealthInfoChangedHandler(HealthInfo)
06-07 11:38:38.145  2260 11037 D PowerUI : can't show warning due to - plugged: true status unknown: false
06-07 11:38:38.146   883   883 I vendor.sharp.hardware.intelligentcharge.directcharge@1.0-service: DirectCharge::getStatus() -> INACTIVE
06-07 11:38:38.181   868   986 I hwcomposer: [HWCDisplay] [Display_0 (type:1)] fps:29.185392,dur:1336.28,max:622.38,min:15.91  
06-07 11:38:38.243   868  1268 I hwcomposer: [HWC] (0)fire a callback of refresh to SF[4]  
06-07 11:38:38.328 12160 12193 I bt_shim_scanner: handle_remote_properties: handle_remote_properties Update device_type=0x2 addr_type=0x1
06-07 11:38:38.706   881   947 I libPerfCtl: xgfGetFPS pid:2260 fps:-1
06-07 11:38:38.706   881   947 I libPerfCtl: xgfGetFPS pid:11846 fps:-1
06-07 11:38:38.706   881   947 I libPowerHal: [updateFPS] pid(11846) : 60 => -1
06-07 11:38:38.707   881   958 I libPowerHal: [perfNotifyAppState] pack:com.dooooraku.bonsailog, act:com.dooooraku.bonsailog.MainActivity, state:5, pid:11846, uid:11407, fps:-1
06-07 11:38:38.707   881   958 E UxUtility: notifyAppState error = NULL
06-07 11:38:38.707   881   958 I TouchUtility: notifyAppState error = NULL
06-07 11:38:38.710  7871  8790 D MainJobService: BATTERY_FULL_CHARGED: start
06-07 11:38:38.713  7871  8790 D MainJobService: BATTERY_FULL_CHARGED: end
06-07 11:38:38.715  7871  7887 I WM-WorkerWrapper: Worker result SUCCESS for Work [ id=f0471f94-39a6-4bab-9af1-6432e826d829, tags={ jp.co.sharp.android.ichargeservice.MainJobService } ]
06-07 11:38:39.213 25247 25247 E iCharge.Receiver: jp.co.sharp.android.ichargeservice.action.BATTERY_FULL_CHARGED
06-07 11:38:39.268 25247 25270 D MainJobService: ACTION_BATTERY_FULL_CHARGED: start
06-07 11:38:39.269 25247 25270 D MainJobService: ACTION_BATTERY_FULL_CHARGED: end
06-07 11:38:39.269 25247 25265 I WM-WorkerWrapper: Worker result SUCCESS for Work [ id=a5b01373-7235-4560-8d11-796ea79da0f1, tags={ jp.co.sharp.android.icharge.services.MainJobService } ]
06-07 11:38:39.669  2497  2497 D CarrierSvcBindHelper: onPackageModified: jp.co.sharp.android.icharge
06-07 11:38:39.669  2497  2720 D EuiccConnector: handleMessage: E msg.what=1
06-07 11:38:39.669  2497  2720 D EuiccConnector: processMsg: ConnectedState
06-07 11:38:39.669  2497  2720 D EuiccConnector: processMsg: DisconnectedState
06-07 11:38:39.669  2779  7587 I PermissionControllerServiceImpl: Updating user sensitive for uid 10194
06-07 11:38:39.670  2497  2497 D CarrierSvcBindHelper: No carrier app for: 0
06-07 11:38:39.670  2497  2497 D CarrierSvcBindHelper: No carrier app for: 1
06-07 11:38:39.670  2497  2720 D EuiccConnector: handleMessage: X
06-07 11:38:39.672  3581  3581 W RegisteredComponentCache: Unable to load component info ResolveInfo{d2b872f jp.co.shiftplus.iammobile/.MainActivity m=0x108000 userHandle=UserHandle{0}}
06-07 11:38:39.672  3581  3581 W RegisteredComponentCache: org.xmlpull.v1.XmlPullParserException: No android.nfc.action.TECH_DISCOVERED meta-data
06-07 11:38:39.672  3581  3581 W RegisteredComponentCache: 	at com.android.nfc.RegisteredComponentCache.parseComponentInfo(RegisteredComponentCache.java:190)
06-07 11:38:39.672  3581  3581 W RegisteredComponentCache: 	at com.android.nfc.RegisteredComponentCache.generateComponentsList(RegisteredComponentCache.java:165)
06-07 11:38:39.672  3581  3581 W RegisteredComponentCache: 	at com.android.nfc.RegisteredComponentCache$1.onReceive(RegisteredComponentCache.java:69)
06-07 11:38:39.672  3581  3581 W RegisteredComponentCache: 	at android.app.LoadedApk$ReceiverDispatcher$Args.lambda$getRunnable$0(LoadedApk.java:1830)
06-07 11:38:39.672  3581  3581 W RegisteredComponentCache: 	at android.app.LoadedApk$ReceiverDispatcher$Args.$r8$lambda$gDuJqgxY6Zb-ifyeubKeivTLAwk(Unknown Source:0)
06-07 11:38:39.672  3581  3581 W RegisteredComponentCache: 	at android.app.LoadedApk$ReceiverDispatcher$Args$$ExternalSyntheticLambda0.run(Unknown Source:2)
06-07 11:38:39.672  3581  3581 W RegisteredComponentCache: 	at android.os.Handler.handleCallback(Handler.java:958)
06-07 11:38:39.672  3581  3581 W RegisteredComponentCache: 	at android.os.Handler.dispatchMessage(Handler.java:99)
06-07 11:38:39.672  3581  3581 W RegisteredComponentCache: 	at android.os.Looper.loopOnce(Looper.java:205)
06-07 11:38:39.672  3581  3581 W RegisteredComponentCache: 	at android.os.Looper.loop(Looper.java:294)
06-07 11:38:39.672  3581  3581 W RegisteredComponentCache: 	at android.app.ActivityThread.main(ActivityThread.java:8282)
06-07 11:38:39.672  3581  3581 W RegisteredComponentCache: 	at java.lang.reflect.Method.invoke(Native Method)
06-07 11:38:39.672  3581  3581 W RegisteredComponentCache: 	at com.android.internal.os.RuntimeInit$MethodAndArgsCaller.run(RuntimeInit.java:573)
06-07 11:38:39.672  3581  3581 W RegisteredComponentCache: 	at com.android.internal.os.ZygoteInit.main(ZygoteInit.java:1049)
06-07 11:38:39.675  3581  3581 W RegisteredComponentCache: Unable to load component info ResolveInfo{2ed117d jp.co.unisys.android.yamadamobile/com.casmartpop.sdk.nfc.NfcActivity m=0x108000 userHandle=UserHandle{0}}
06-07 11:38:39.675  3581  3581 W RegisteredComponentCache: org.xmlpull.v1.XmlPullParserException: No android.nfc.action.TECH_DISCOVERED meta-data
06-07 11:38:39.675  3581  3581 W RegisteredComponentCache: 	at com.android.nfc.RegisteredComponentCache.parseComponentInfo(RegisteredComponentCache.java:190)
06-07 11:38:39.675  3581  3581 W RegisteredComponentCache: 	at com.android.nfc.RegisteredComponentCache.generateComponentsList(RegisteredComponentCache.java:165)
06-07 11:38:39.675  3581  3581 W RegisteredComponentCache: 	at com.android.nfc.RegisteredComponentCache$1.onReceive(RegisteredComponentCache.java:69)
06-07 11:38:39.675  3581  3581 W RegisteredComponentCache: 	at android.app.LoadedApk$ReceiverDispatcher$Args.lambda$getRunnable$0(LoadedApk.java:1830)
06-07 11:38:39.675  3581  3581 W RegisteredComponentCache: 	at android.app.LoadedApk$ReceiverDispatcher$Args.$r8$lambda$gDuJqgxY6Zb-ifyeubKeivTLAwk(Unknown Source:0)
06-07 11:38:39.675  3581  3581 W RegisteredComponentCache: 	at android.app.LoadedApk$ReceiverDispatcher$Args$$ExternalSyntheticLambda0.run(Unknown Source:2)
06-07 11:38:39.675  3581  3581 W RegisteredComponentCache: 	at android.os.Handler.handleCallback(Handler.java:958)
06-07 11:38:39.675  3581  3581 W RegisteredComponentCache: 	at android.os.Handler.dispatchMessage(Handler.java:99)
06-07 11:38:39.675  3581  3581 W RegisteredComponentCache: 	at android.os.Looper.loopOnce(Looper.java:205)
06-07 11:38:39.675  3581  3581 W RegisteredComponentCache: 	at android.os.Looper.loop(Looper.java:294)
06-07 11:38:39.675  3581  3581 W RegisteredComponentCache: 	at android.app.ActivityThread.main(ActivityThread.java:8282)
06-07 11:38:39.675  3581  3581 W RegisteredComponentCache: 	at java.lang.reflect.Method.invoke(Native Method)
06-07 11:38:39.675  3581  3581 W RegisteredComponentCache: 	at com.android.internal.os.RuntimeInit$MethodAndArgsCaller.run(RuntimeInit.java:573)
06-07 11:38:39.675  3581  3581 W RegisteredComponentCache: 	at com.android.internal.os.ZygoteInit.main(ZygoteInit.java:1049)
06-07 11:38:39.678  2497  2720 D EuiccConnector: handleMessage: E msg.what=1
06-07 11:38:39.678  2497  2720 D EuiccConnector: processMsg: ConnectedState
06-07 11:38:39.678  2497  2720 D EuiccConnector: processMsg: DisconnectedState
06-07 11:38:39.678  2779  7587 I PermissionControllerServiceImpl: Updating user sensitive for uid 10180
06-07 11:38:39.679  2497  2720 D EuiccConnector: handleMessage: X
06-07 11:38:39.680  1501  2125 I InputReader: Reconfiguring input devices, changes=KEYBOARD_LAYOUTS
06-07 11:38:39.683  1501  2125 I InputReader: Reconfiguring input devices, changes=KEYBOARD_LAYOUTS
06-07 11:38:39.685 24614 24614 I PkDeviceHelper: PkDeviceHelper.refreshDevices():87 refreshing devices
06-07 11:38:39.687 24614 24614 I PkDeviceHelper: PkDeviceHelper.refreshDevices():87 refreshing devices
06-07 11:38:39.688 24614 24614 I PkDeviceHelper: PkDeviceHelper.refreshDevices():87 refreshing devices
06-07 11:38:39.694 24614 24614 I PkDeviceHelper: PkDeviceHelper.refreshDevices():87 refreshing devices
06-07 11:38:39.706   881   947 I libPerfCtl: xgfGetFPS pid:2260 fps:-1
06-07 11:38:39.706   881   947 I libPerfCtl: xgfGetFPS pid:11846 fps:-1
06-07 11:38:39.708  3581  3581 I libnfc_nci: [INFO:SecureElement.cpp(1456)] SecureElement::getEseHandleFromGenericId: enter; ESE-ID = 0x00
06-07 11:38:39.708  3581  3581 I libnfc_nci: [INFO:SecureElement.cpp(1497)] SecureElement::getEseHandleFromGenericId: enter; ESE-Handle = 0x400
06-07 11:38:39.708  3581  3581 E AidRoutingManager: Size of routing table970
06-07 11:38:39.708  3581  3581 I NfcService: Add T4T Nfcee AID
06-07 11:38:39.710  3581  3581 D RegisteredNfcFServicesCache: Service unchanged, not updating
06-07 11:38:39.714  2497  2834 D ImsResolver: maybeAddedImsService, packageName: jp.co.sharp.android.icharge
06-07 11:38:39.714  3581  3581 W RegisteredComponentCache: Unable to load component info ResolveInfo{38496da jp.co.shiftplus.iammobile/.MainActivity m=0x108000 userHandle=UserHandle{0}}
06-07 11:38:39.714  3581  3581 W RegisteredComponentCache: org.xmlpull.v1.XmlPullParserException: No android.nfc.action.TECH_DISCOVERED meta-data
06-07 11:38:39.714  3581  3581 W RegisteredComponentCache: 	at com.android.nfc.RegisteredComponentCache.parseComponentInfo(RegisteredComponentCache.java:190)
06-07 11:38:39.714  3581  3581 W RegisteredComponentCache: 	at com.android.nfc.RegisteredComponentCache.generateComponentsList(RegisteredComponentCache.java:165)
06-07 11:38:39.714  3581  3581 W RegisteredComponentCache: 	at com.android.nfc.RegisteredComponentCache$1.onReceive(RegisteredComponentCache.java:69)
06-07 11:38:39.714  3581  3581 W RegisteredComponentCache: 	at android.app.LoadedApk$ReceiverDispatcher$Args.lambda$getRunnable$0(LoadedApk.java:1830)
06-07 11:38:39.714  3581  3581 W RegisteredComponentCache: 	at android.app.LoadedApk$ReceiverDispatcher$Args.$r8$lambda$gDuJqgxY6Zb-ifyeubKeivTLAwk(Unknown Source:0)
06-07 11:38:39.714  3581  3581 W RegisteredComponentCache: 	at android.app.LoadedApk$ReceiverDispatcher$Args$$ExternalSyntheticLambda0.run(Unknown Source:2)
06-07 11:38:39.714  3581  3581 W RegisteredComponentCache: 	at android.os.Handler.handleCallback(Handler.java:958)
06-07 11:38:39.714  3581  3581 W RegisteredComponentCache: 	at android.os.Handler.dispatchMessage(Handler.java:99)
06-07 11:38:39.714  3581  3581 W RegisteredComponentCache: 	at android.os.Looper.loopOnce(Looper.java:205)
06-07 11:38:39.714  3581  3581 W RegisteredComponentCache: 	at android.os.Looper.loop(Looper.java:294)
06-07 11:38:39.714  3581  3581 W RegisteredComponentCache: 	at android.app.ActivityThread.main(ActivityThread.java:8282)
06-07 11:38:39.714  3581  3581 W RegisteredComponentCache: 	at java.lang.reflect.Method.invoke(Native Method)
06-07 11:38:39.714  3581  3581 W RegisteredComponentCache: 	at com.android.internal.os.RuntimeInit$MethodAndArgsCaller.run(RuntimeInit.java:573)
06-07 11:38:39.714  3581  3581 W RegisteredComponentCache: 	at com.android.internal.os.ZygoteInit.main(ZygoteInit.java:1049)
06-07 11:38:39.716  3581  3581 W RegisteredComponentCache: Unable to load component info ResolveInfo{80b3e00 jp.co.unisys.android.yamadamobile/com.casmartpop.sdk.nfc.NfcActivity m=0x108000 userHandle=UserHandle{0}}
06-07 11:38:39.716  3581  3581 W RegisteredComponentCache: org.xmlpull.v1.XmlPullParserException: No android.nfc.action.TECH_DISCOVERED meta-data
06-07 11:38:39.716  3581  3581 W RegisteredComponentCache: 	at com.android.nfc.RegisteredComponentCache.parseComponentInfo(RegisteredComponentCache.java:190)
06-07 11:38:39.716  3581  3581 W RegisteredComponentCache: 	at com.android.nfc.RegisteredComponentCache.generateComponentsList(RegisteredComponentCache.java:165)
06-07 11:38:39.716  3581  3581 W RegisteredComponentCache: 	at com.android.nfc.RegisteredComponentCache$1.onReceive(RegisteredComponentCache.java:69)
06-07 11:38:39.716  3581  3581 W RegisteredComponentCache: 	at android.app.LoadedApk$ReceiverDispatcher$Args.lambda$getRunnable$0(LoadedApk.java:1830)
06-07 11:38:39.716  3581  3581 W RegisteredComponentCache: 	at android.app.LoadedApk$ReceiverDispatcher$Args.$r8$lambda$gDuJqgxY6Zb-ifyeubKeivTLAwk(Unknown Source:0)
06-07 11:38:39.716  3581  3581 W RegisteredComponentCache: 	at android.app.LoadedApk$ReceiverDispatcher$Args$$ExternalSyntheticLambda0.run(Unknown Source:2)
06-07 11:38:39.716  3581  3581 W RegisteredComponentCache: 	at android.os.Handler.handleCallback(Handler.java:958)
06-07 11:38:39.716  3581  3581 W RegisteredComponentCache: 	at android.os.Handler.dispatchMessage(Handler.java:99)
06-07 11:38:39.716  3581  3581 W RegisteredComponentCache: 	at android.os.Looper.loopOnce(Looper.java:205)
06-07 11:38:39.716  3581  3581 W RegisteredComponentCache: 	at android.os.Looper.loop(Looper.java:294)
06-07 11:38:39.716  3581  3581 W RegisteredComponentCache: 	at android.app.ActivityThread.main(ActivityThread.java:8282)
06-07 11:38:39.716  3581  3581 W RegisteredComponentCache: 	at java.lang.reflect.Method.invoke(Native Method)
06-07 11:38:39.716  3581  3581 W RegisteredComponentCache: 	at com.android.internal.os.RuntimeInit$MethodAndArgsCaller.run(RuntimeInit.java:573)
06-07 11:38:39.716  3581  3581 W RegisteredComponentCache: 	at com.android.internal.os.ZygoteInit.main(ZygoteInit.java:1049)
06-07 11:38:39.723  2497  2497 D CarrierSvcBindHelper: onPackageModified: jp.co.sharp.android.ichargeservice
06-07 11:38:39.723  2497  2497 D CarrierSvcBindHelper: No carrier app for: 0
06-07 11:38:39.724  2497  2497 D CarrierSvcBindHelper: No carrier app for: 1
06-07 11:38:39.728  1501  7934 W BatteryExternalStatsWorker: error reading Bluetooth stats: 11
06-07 11:38:39.733  3581  3581 I libnfc_nci: [INFO:SecureElement.cpp(1456)] SecureElement::getEseHandleFromGenericId: enter; ESE-ID = 0x00
06-07 11:38:39.733  3581  3581 I libnfc_nci: [INFO:SecureElement.cpp(1497)] SecureElement::getEseHandleFromGenericId: enter; ESE-Handle = 0x400
06-07 11:38:39.733  3581  3581 E AidRoutingManager: Size of routing table970
06-07 11:38:39.733  3581  3581 I NfcService: Add T4T Nfcee AID
06-07 11:38:39.735  3581  3581 D RegisteredNfcFServicesCache: Service unchanged, not updating
06-07 11:38:39.735  3581  3581 I libnfc_nci: [INFO:NativeT4tNfcee.cpp(869)] nfcManager_isFwSupportNonStdT4TAid Enter isFwSupport = 1
06-07 11:38:39.735  3581  3581 I libnfc_nci: [INFO:SecureElement.cpp(1456)] SecureElement::getEseHandleFromGenericId: enter; ESE-ID = 0x7F
06-07 11:38:39.735  3581  3581 I libnfc_nci: [INFO:SecureElement.cpp(1497)] SecureElement::getEseHandleFromGenericId: enter; ESE-Handle = 0x410
06-07 11:38:39.735  3581  3581 E libnfc_nci: [ERROR:nfa_ee_api.cc(661)] Bad ee_handle or AID (len=7)
06-07 11:38:39.735  3581  3581 E libnfc_nci: [ERROR:RoutingManager.cpp(492)] RoutingManager::addAidRouting: failed to route AID
06-07 11:38:39.735  2485  9747 D SecureElementService: getReaders() for com.android.nfc
06-07 11:38:39.738  3581  3581 I libnfc_nci: [INFO:NativeT4tNfcee.cpp(869)] nfcManager_isFwSupportNonStdT4TAid Enter isFwSupport = 1
06-07 11:38:39.738  3581  3581 I libnfc_nci: [INFO:SecureElement.cpp(1456)] SecureElement::getEseHandleFromGenericId: enter; ESE-ID = 0x7F
06-07 11:38:39.738  3581  3581 I libnfc_nci: [INFO:SecureElement.cpp(1497)] SecureElement::getEseHandleFromGenericId: enter; ESE-Handle = 0x410
06-07 11:38:39.738  3581  3581 E libnfc_nci: [ERROR:nfa_ee_api.cc(661)] Bad ee_handle or AID (len=7)
06-07 11:38:39.738  3581  3581 E libnfc_nci: [ERROR:RoutingManager.cpp(492)] RoutingManager::addAidRouting: failed to route AID
06-07 11:38:39.739  2485  9747 D SecureElementService: getReaders() for com.android.nfc
06-07 11:38:39.745  2497  2834 D ImsResolver: maybeAddedImsService, packageName: jp.co.sharp.android.ichargeservice
06-07 11:38:39.760  1501  2965 D TelephonyManager: requestModemActivityInfo: Sending result to app: ModemActivityInfo{ mTimestamp=5160837646 mSleepTimeMs=707998505 mIdleTimeMs=157855126 mActivityStatsTechSpecificInfo=[{mRat=UNKNOWN,mFrequencyRange=UNKNOWN,mTxTimeMs[]=[0, 0, 0, 0, 0],mRxTimeMs=0}]}
06-07 11:38:39.766 12160 12193 I bt_shim_scanner: handle_remote_properties: handle_remote_properties Update device_type=0x2 addr_type=0x1
06-07 11:38:39.911  2497  2720 D EuiccConnector: handleMessage: E msg.what=3
06-07 11:38:39.911  2497  2720 D EuiccConnector: processMsg: ConnectedState
06-07 11:38:39.917  2497  2720 D EuiccConnector: transitionTo: destState=AvailableState
06-07 11:38:39.918  2497  2720 D EuiccConnector: handleMessage: new destination call exit/enter
06-07 11:38:39.918  2497  2720 D EuiccConnector: setupTempStateStackWithStatesToEnter: X mTempStateStackCount=2,curStateInfo: null
06-07 11:38:39.918  2497  2720 D EuiccConnector: invokeExitMethods: ConnectedState
06-07 11:38:39.919  2497  2720 D EuiccConnector: invokeExitMethods: DisconnectedState
06-07 11:38:39.919  2497  2720 D EuiccConnector: moveTempStackToStateStack: i=1,j=0
06-07 11:38:39.919  2497  2720 D EuiccConnector: moveTempStackToStateStack: i=0,j=1
06-07 11:38:39.919  2497  2720 D EuiccConnector: moveTempStackToStateStack: X mStateStackTop=1,startingIndex=0,Top=AvailableState
06-07 11:38:39.919  2497  2720 D EuiccConnector: invokeEnterMethods: UnavailableState
06-07 11:38:39.920  2497  2720 D EuiccConnector: invokeEnterMethods: AvailableState
06-07 11:38:39.920  1501  1682 E ApplicationHelper: Fail to get PackageManager
06-07 11:38:39.920  1501  1682 E ApplicationHelper: Fail to get PackageManager
06-07 11:38:39.920  2497  2720 D EuiccConnector: handleMessage: X
06-07 11:38:39.922 11338 11338 I EuiccGoogle: [2] EuiccServiceImpl.onDestroy: onDestroy: EuiccService on destroy.
06-07 11:38:39.923  1501  1682 E ApplicationHelper: Fail to get PackageManager
06-07 11:38:39.925  1501  1682 E ApplicationHelper: Fail to get PackageManager
06-07 11:38:40.011   641  4459 E NxpTml  : PN54X - Error in I2C Read.....
06-07 11:38:40.169  2260  2260 D ControlsListingControllerImpl: ServiceConfig reloaded, count: 1
06-07 11:38:40.175  2260  2260 D ControlsListingControllerImpl: ServiceConfig reloaded, count: 1
06-07 11:38:40.192 11218 11218 I Bugle   : BroadcastReceiverAsyncWorkTracker: Acknowledging broadcast of dksx@40dac01
06-07 11:38:40.195  2779  3382 I ServiceLiveData: Detected WallpaperServices: []
06-07 11:38:40.195  2779  3380 I ServiceLiveData: Not exempting com.android.bips - not an active PrintService for u0
06-07 11:38:40.196  2779  3383 I ServiceLiveData: Not exempting com.openai.chatgpt - not an active VoiceInteractionService for u0
06-07 11:38:40.196  2779  3380 I ServiceLiveData: Detected PrintServices: []
06-07 11:38:40.196 11218 13860 I Bugle   : BroadcastReceiverAsyncWorkTracker: Acknowledging broadcast of dksx@40dac01
06-07 11:38:40.196  2779  3381 I ServiceLiveData: Not exempting com.android.systemui.accessibility.accessibilitymenu - not an active AccessibilityService for u0
06-07 11:38:40.196  2779  6537 I ServiceLiveData: Not exempting com.android.dreams.basic - not an active DreamService for u0
06-07 11:38:40.197  2779  3380 I ServiceLiveData: Not exempting com.google.android.gms - not an active DEVICE_ADMIN_SERVICE for u0
06-07 11:38:40.197  2779  3381 I ServiceLiveData: Not exempting com.google.android.accessibility.switchaccess - not an active AccessibilityService for u0
06-07 11:38:40.197  2779  3380 I ServiceLiveData: Detected DEVICE_ADMIN_SERVICEs: []
06-07 11:38:40.197  2779  3386 I ServiceLiveData: Not exempting com.google.android.tts - not an active InputMethod for u0
06-07 11:38:40.197  2779  3382 I ServiceLiveData: Not exempting com.google.android.gms - not an active AutofillService for u0
06-07 11:38:40.197  2779  6537 I ServiceLiveData: Not exempting com.google.android.apps.photos - not an active DreamService for u0
06-07 11:38:40.197  2779  6537 I ServiceLiveData: Not exempting com.google.android.deskclock - not an active DreamService for u0
06-07 11:38:40.198  2779  3381 I ServiceLiveData: Not exempting com.google.android.marvin.talkback - not an active AccessibilityService for u0
06-07 11:38:40.198  2779  3380 I BroadcastReceiverLiveData: Not exempting com.google.android.gms - not an active DEVICE_ADMIN_ENABLED for u0
06-07 11:38:40.198  2779  3382 I ServiceLiveData: Detected AutofillServices: []
06-07 11:38:40.198  2779  6537 I ServiceLiveData: Detected DreamServices: []
06-07 11:38:40.199  2779  3383 I ServiceLiveData: Detected VoiceInteractionServices: [com.google.android.googlequicksearchbox]
06-07 11:38:40.199  2779  3385 I ServiceLiveData: Not exempting com.google.ambient.streaming - not an active NotificationListenerService for u0
06-07 11:38:40.199  2779  3381 I ServiceLiveData: Not exempting com.google.android.marvin.talkback - not an active AccessibilityService for u0
06-07 11:38:40.199  2779  3385 I ServiceLiveData: Not exempting com.google.ambient.streaming - not an active NotificationListenerService for u0
06-07 11:38:40.200  2779  3386 I ServiceLiveData: Detected InputMethods: [com.google.android.inputmethod.latin, com.android.adbkeyboard]
06-07 11:38:40.201  2779  3380 I BroadcastReceiverLiveData: Not exempting droom.sleepIfUCan - not an active DEVICE_ADMIN_ENABLED for u0
06-07 11:38:40.201  2779  3385 I ServiceLiveData: Not exempting com.google.android.as - not an active NotificationListenerService for u0
06-07 11:38:40.201  2779  3381 I ServiceLiveData: Not exempting com.openai.chatgpt - not an active AccessibilityService for u0
06-07 11:38:40.202  2779  3385 I ServiceLiveData: Not exempting com.google.android.contacts - not an active NotificationListenerService for u0
06-07 11:38:40.202  2779  3380 I BroadcastReceiverLiveData: Detected DEVICE_ADMIN_ENABLEDs: []
06-07 11:38:40.202  2779  3385 I ServiceLiveData: Not exempting com.google.android.gms - not an active NotificationListenerService for u0
06-07 11:38:40.203  2779  3381 I ServiceLiveData: Not exempting com.trendmicro.tmmspersonal.jp.googleplayversion - not an active AccessibilityService for u0
06-07 11:38:40.203  2779  3385 I ServiceLiveData: Not exempting com.google.android.googlequicksearchbox - not an active NotificationListenerService for u0
06-07 11:38:40.203  2779  3381 I ServiceLiveData: Not exempting droom.sleepIfUCan - not an active AccessibilityService for u0
06-07 11:38:40.203  1501  1682 E ApplicationHelper: Fail to get PackageManager
06-07 11:38:40.204  2779  3385 I ServiceLiveData: Not exempting jp.co.sharp.android.emopar - not an active NotificationListenerService for u0
06-07 11:38:40.204  2779  3381 I ServiceLiveData: Detected AccessibilityServices: []
06-07 11:38:40.204  2779  3385 I ServiceLiveData: Not exempting jp.co.sharp.android.scshocapture2 - not an active NotificationListenerService for u0
06-07 11:38:40.205  2779  3385 I ServiceLiveData: Not exempting com.sony.songpal.mdr - not an active NotificationListenerService for u0
06-07 11:38:40.205  2779  3385 I ServiceLiveData: Not exempting com.trendmicro.tmmspersonal.jp.googleplayversion - not an active NotificationListenerService for u0
06-07 11:38:40.205  2779  3385 I ServiceLiveData: Not exempting pedometer.steptracker.calorieburner.stepcounter - not an active NotificationListenerService for u0
06-07 11:38:40.205  2779  3385 I ServiceLiveData: Detected NotificationListenerServices: [com.google.android.projection.gearhead, jp.co.sharp.android.launcher3, jp.co.sharp.android.launcher3.junior, jp.co.sharp.android.launcher3.simple]
06-07 11:38:40.215 24357 24357 I WifiHAL : Get link layer stats
06-07 11:38:40.215 24357 24357 I WifiHAL : GetLinkStatsCommand::create
06-07 11:38:40.215 24357 24357 D android.hardware.wifi@1.0-service-lazy: WifiRequest::create vendor command to iface 33, vendor_id=0x1a11, subcmd=0x1200, res=0
06-07 11:38:40.215 24357 24357 I android.hardware.wifi@1.0-service-lazy: WifiCommand::requestResponse err=-14
06-07 11:38:40.215 24357 24357 I WifiHAL : wifi_get_link_stats: result=-1
06-07 11:38:40.216  1501  2143 E WifiStaIfaceHidlImpl: getLinkLayerStatsV1_5 failed with status: {.code = ERROR_UNKNOWN, .description = unknown}
06-07 11:38:40.221  1501  1682 E ApplicationHelper: Fail to get PackageManager
06-07 11:38:40.231 25384 13863 I ComponentChangedIO: Feature is not enabled, skipping component changed intent operation [CONTEXT service_id=469 ]
06-07 11:38:40.234 25384 13863 I ComponentChangedIO: Feature is not enabled, skipping component changed intent operation [CONTEXT service_id=469 ]
06-07 11:38:40.251 30810 30810 D MonitoringService: sessionMs=0 effMin=0 active=false spans=0 app=対象アプリ stage=監視待機
06-07 11:38:40.252 30810 30810 D MonitoringService: No target span. Foreground packages in window: [com.android.systemui, jp.co.sharp.android.launcher3, com.dooooraku.bonsailog]
06-07 11:38:40.257 30810 30810 D MonitoringService: DailyPenaltyCheck: isProCached=true demoMode=false firedHasPenalty=false targetActiveLongEnough=false sessionMs=0
06-07 11:38:40.457  2779  3382 I ServiceLiveData: Not exempting com.google.android.tts - not an active InputMethod for u0
06-07 11:38:40.457  2779  3386 I ServiceLiveData: Detected WallpaperServices: []
06-07 11:38:40.457  2779  3382 I ServiceLiveData: Detected InputMethods: [com.google.android.inputmethod.latin, com.android.adbkeyboard]
06-07 11:38:40.458  2779  3381 I ServiceLiveData: Not exempting com.android.bips - not an active PrintService for u0
06-07 11:38:40.458  2779  3380 I ServiceLiveData: Not exempting com.openai.chatgpt - not an active VoiceInteractionService for u0
06-07 11:38:40.458  2779  3381 I ServiceLiveData: Detected PrintServices: []
06-07 11:38:40.458  2779  3383 I ServiceLiveData: Not exempting com.android.systemui.accessibility.accessibilitymenu - not an active AccessibilityService for u0
06-07 11:38:40.458  2779  3382 I ServiceLiveData: Not exempting com.google.android.gms - not an active AutofillService for u0
06-07 11:38:40.458  2779  3385 I ServiceLiveData: Not exempting com.android.dreams.basic - not an active DreamService for u0
06-07 11:38:40.458  2779  3380 I ServiceLiveData: Detected VoiceInteractionServices: [com.google.android.googlequicksearchbox]
06-07 11:38:40.458  2779  3382 I ServiceLiveData: Detected AutofillServices: []
06-07 11:38:40.458  2779  3384 I BroadcastReceiverLiveData: Not exempting com.google.android.gms - not an active DEVICE_ADMIN_ENABLED for u0
06-07 11:38:40.458  2779  3386 I ServiceLiveData: Not exempting com.google.android.gms - not an active DEVICE_ADMIN_SERVICE for u0
06-07 11:38:40.458  2779  6537 I ServiceLiveData: Not exempting com.google.ambient.streaming - not an active NotificationListenerService for u0
06-07 11:38:40.458  2779  3383 I ServiceLiveData: Not exempting com.google.android.accessibility.switchaccess - not an active AccessibilityService for u0
06-07 11:38:40.459  2779  6537 I ServiceLiveData: Not exempting com.google.ambient.streaming - not an active NotificationListenerService for u0
06-07 11:38:40.459  2779  3384 I BroadcastReceiverLiveData: Not exempting droom.sleepIfUCan - not an active DEVICE_ADMIN_ENABLED for u0
06-07 11:38:40.459  2779  3384 I BroadcastReceiverLiveData: Detected DEVICE_ADMIN_ENABLEDs: []
06-07 11:38:40.459  2779  3383 I ServiceLiveData: Not exempting com.google.android.marvin.talkback - not an active AccessibilityService for u0
06-07 11:38:40.460  2779  3383 I ServiceLiveData: Not exempting com.google.android.marvin.talkback - not an active AccessibilityService for u0
06-07 11:38:40.460  2779  6537 I ServiceLiveData: Not exempting com.google.android.as - not an active NotificationListenerService for u0
06-07 11:38:40.460  2779  3386 I ServiceLiveData: Detected DEVICE_ADMIN_SERVICEs: []
06-07 11:38:40.460  2779  6537 I ServiceLiveData: Not exempting com.google.android.contacts - not an active NotificationListenerService for u0
06-07 11:38:40.460  2779  3385 I ServiceLiveData: Not exempting com.google.android.apps.photos - not an active DreamService for u0
06-07 11:38:40.460  2779  3383 I ServiceLiveData: Not exempting com.openai.chatgpt - not an active AccessibilityService for u0
06-07 11:38:40.461  2779  6537 I ServiceLiveData: Not exempting com.google.android.gms - not an active NotificationListenerService for u0
06-07 11:38:40.461  2779  3385 I ServiceLiveData: Not exempting com.google.android.deskclock - not an active DreamService for u0
06-07 11:38:40.461  2779  6537 I ServiceLiveData: Not exempting com.google.android.googlequicksearchbox - not an active NotificationListenerService for u0
06-07 11:38:40.461  2779  3383 I ServiceLiveData: Not exempting com.trendmicro.tmmspersonal.jp.googleplayversion - not an active AccessibilityService for u0
06-07 11:38:40.461  2779  6537 I ServiceLiveData: Not exempting jp.co.sharp.android.emopar - not an active NotificationListenerService for u0
06-07 11:38:40.461  2779  3385 I ServiceLiveData: Detected DreamServices: []
06-07 11:38:40.461  2779  6537 I ServiceLiveData: Not exempting jp.co.sharp.android.scshocapture2 - not an active NotificationListenerService for u0
06-07 11:38:40.461  2779  3383 I ServiceLiveData: Not exempting droom.sleepIfUCan - not an active AccessibilityService for u0
06-07 11:38:40.461  2779  6537 I ServiceLiveData: Not exempting com.sony.songpal.mdr - not an active NotificationListenerService for u0
06-07 11:38:40.461  2779  6537 I ServiceLiveData: Not exempting com.trendmicro.tmmspersonal.jp.googleplayversion - not an active NotificationListenerService for u0
06-07 11:38:40.462  2779  3383 I ServiceLiveData: Detected AccessibilityServices: []
06-07 11:38:40.462  2779  6537 I ServiceLiveData: Not exempting pedometer.steptracker.calorieburner.stepcounter - not an active NotificationListenerService for u0
06-07 11:38:40.462  2779  6537 I ServiceLiveData: Detected NotificationListenerServices: [com.google.android.projection.gearhead, jp.co.sharp.android.launcher3, jp.co.sharp.android.launcher3.junior, jp.co.sharp.android.launcher3.simple]
06-07 11:38:40.707   881   947 I libPerfCtl: xgfGetFPS pid:2260 fps:-1
06-07 11:38:40.707   881   947 I libPerfCtl: xgfGetFPS pid:11846 fps:-1
06-07 11:38:40.833  1114  1247 D ULogGuard: Monitoring: 16 threads, 0 requests, 0 time-bombs; 2 guards. ResetFlags = 0x7
06-07 11:38:41.207  1123  1123 I thermal_repeater: [recvMdThermalInfo] ret=5, strLen=127, ERROR
06-07 11:38:41.707   881   947 I libPerfCtl: xgfGetFPS pid:2260 fps:-1
06-07 11:38:41.707   881   947 I libPerfCtl: xgfGetFPS pid:11846 fps:-1
06-07 11:38:41.835   904   904 I BufferQueueProducer: [com.dooooraku.bonsailog/com.dooooraku.bonsailog.MainActivity#303577](this:0xb4000074365665b8,id:-1,api:0,p:-1,c:904) queueBuffer: fps=7.61 dur=4996.35 max=4358.83 min=16.26
06-07 11:38:41.841   868   986 I hwcomposer: [HWCDisplay] [Display_0 (type:1)] fps:0.546441,dur:3660.05,max:3567.27,min:92.78  
06-07 11:38:41.862 11846 11885 E GPUAUX  : [AUX]GuiExtAuxCheckAuxPath:670: Null anb
06-07 11:38:42.164   641  4459 E NxpTml  : PN54X - Error in I2C Read.....
06-07 11:38:42.527 12160 12193 I bt_shim_scanner: handle_remote_properties: handle_remote_properties Update device_type=0x2 addr_type=0x1
06-07 11:38:42.532 17898 18064 I NearbyDiscovery: (REDACTED) BloomFilterAdvManager: Detected bloom filter but too far away, ignoring. %sm, %s
06-07 11:38:42.559   868  1268 I hwcomposer: [HWC] (0)fire a callback of refresh to SF[4]  
06-07 11:38:42.587   904   904 I BufferQueueProducer: [FramebufferSurface](this:0xb4000073463c6d00,id:-1,api:1,p:904,c:904) queueBuffer: fps=0.40 dur=5029.32 max=4313.85 min=715.47
06-07 11:38:42.707   881   947 I libPerfCtl: xgfGetFPS pid:2260 fps:-1
06-07 11:38:42.708   881   947 I libPerfCtl: xgfGetFPS pid:11846 fps:61
06-07 11:38:42.708   881   947 I libPowerHal: [updateFPS] pid(11846) : -1 => 60
06-07 11:38:42.709   881   958 I libPowerHal: [perfNotifyAppState] pack:com.dooooraku.bonsailog, act:com.dooooraku.bonsailog.MainActivity, state:5, pid:11846, uid:11407, fps:60
06-07 11:38:42.710   881   958 E UxUtility: notifyAppState error = NULL
06-07 11:38:42.710   881   958 I TouchUtility: notifyAppState error = NULL
06-07 11:38:43.231 24357 24357 I WifiHAL : Get link layer stats
06-07 11:38:43.231 24357 24357 I WifiHAL : GetLinkStatsCommand::create
06-07 11:38:43.231 24357 24357 D android.hardware.wifi@1.0-service-lazy: WifiRequest::create vendor command to iface 33, vendor_id=0x1a11, subcmd=0x1200, res=0
06-07 11:38:43.232 24357 24357 I android.hardware.wifi@1.0-service-lazy: WifiCommand::requestResponse err=-14
06-07 11:38:43.232 24357 24357 I WifiHAL : wifi_get_link_stats: result=-1
06-07 11:38:43.233  1501  2143 E WifiStaIfaceHidlImpl: getLinkLayerStatsV1_5 failed with status: {.code = ERROR_UNKNOWN, .description = unknown}
06-07 11:38:43.252  2260  2260 D WifiSignalController: isWifi6: false,wifiVisible: true
06-07 11:38:43.252  2260  2260 D WifiSignalController: iconId: 17302925
06-07 11:38:43.254  2260  2260 D StatusBarIconController: ignoring old pipeline callback because the new wifi icon is enabled
06-07 11:38:43.263 30810 30810 D MonitoringService: sessionMs=0 effMin=0 active=false spans=0 app=対象アプリ stage=監視待機
06-07 11:38:43.263 30810 30810 D MonitoringService: No target span. Foreground packages in window: [com.android.systemui, jp.co.sharp.android.launcher3, com.dooooraku.bonsailog]
06-07 11:38:43.267 30810 30810 D MonitoringService: DailyPenaltyCheck: isProCached=true demoMode=false firedHasPenalty=false targetActiveLongEnough=false sessionMs=0
06-07 11:38:43.289   904   904 I BufferQueueProducer: [StatusBar#90](this:0xb400007436530408,id:-1,api:0,p:-1,c:904) queueBuffer: fps=0.33 dur=6046.16 max=5113.32 min=932.84
06-07 11:38:43.295   868   986 I hwcomposer: [HWCDisplay] [Display_0 (type:1)] fps:27.514446,dur:1453.78,max:707.15,min:16.02  
06-07 11:38:43.359   868  1268 I hwcomposer: [HWC] (0)fire a callback of refresh to SF[4]  
06-07 11:38:43.708   881   947 I libPerfCtl: xgfGetFPS pid:11846 fps:-1
06-07 11:38:43.708   881   947 I libPowerHal: [updateFPS] pid(11846) : 60 => -1
06-07 11:38:43.709   881   958 I libPowerHal: [perfNotifyAppState] pack:com.dooooraku.bonsailog, act:com.dooooraku.bonsailog.MainActivity, state:5, pid:11846, uid:11407, fps:-1
06-07 11:38:43.709   881   958 E UxUtility: notifyAppState error = NULL
06-07 11:38:43.709   881   958 I TouchUtility: notifyAppState error = NULL
06-07 11:38:43.790   873   940 W AString : ctor got NULL, using empty string instead
06-07 11:38:43.790   873   940 I SensorSavedChannel: [607,5999,1741]==>gyro_bias.json
06-07 11:38:43.837  1114  1247 D ULogGuard: Monitoring: 16 threads, 0 requests, 0 time-bombs; 2 guards. ResetFlags = 0x7
06-07 11:38:44.315   641  4459 E NxpTml  : PN54X - Error in I2C Read.....
06-07 11:38:44.710   881   947 I libPerfCtl: xgfGetFPS pid:11846 fps:-1
06-07 11:38:45.360 12160 12193 I bt_shim_scanner: handle_remote_properties: handle_remote_properties Update device_type=0x2 addr_type=0x1
06-07 11:38:45.364 17898 18064 I NearbyDiscovery: (REDACTED) BloomFilterAdvManager: Detected bloom filter but too far away, ignoring. %sm, %s
06-07 11:38:45.710   881   947 I libPerfCtl: xgfGetFPS pid:11846 fps:-1
06-07 11:38:46.251 24357 24357 I WifiHAL : Get link layer stats
06-07 11:38:46.251 24357 24357 I WifiHAL : GetLinkStatsCommand::create
06-07 11:38:46.251 24357 24357 D android.hardware.wifi@1.0-service-lazy: WifiRequest::create vendor command to iface 33, vendor_id=0x1a11, subcmd=0x1200, res=0
06-07 11:38:46.252 24357 24357 I android.hardware.wifi@1.0-service-lazy: WifiCommand::requestResponse err=-14
06-07 11:38:46.252 24357 24357 I WifiHAL : wifi_get_link_stats: result=-1
06-07 11:38:46.253  1501  2143 E WifiStaIfaceHidlImpl: getLinkLayerStatsV1_5 failed with status: {.code = ERROR_UNKNOWN, .description = unknown}
06-07 11:38:46.267  2260  2260 D WifiSignalController: isWifi6: false,wifiVisible: true
06-07 11:38:46.267  2260  2260 D WifiSignalController: iconId: 17302925
06-07 11:38:46.270  2260  2260 D StatusBarIconController: ignoring old pipeline callback because the new wifi icon is enabled
06-07 11:38:46.274 30810 30810 D MonitoringService: sessionMs=0 effMin=0 active=false spans=0 app=対象アプリ stage=監視待機
